------------------------------------------------------------
Timing Analyzer Summary
------------------------------------------------------------

Type  : Slow 1100mV 85C Model Setup 'i_clk'
Slack : -2.995
TNS   : -231.451

Type  : Slow 1100mV 85C Model Hold 'i_clk'
Slack : 0.350
TNS   : 0.000

Type  : Slow 1100mV 85C Model Minimum Pulse Width 'i_clk'
Slack : -3.166
TNS   : -241.752

Type  : Slow 1100mV 0C Model Setup 'i_clk'
Slack : -3.113
TNS   : -227.544

Type  : Slow 1100mV 0C Model Hold 'i_clk'
Slack : 0.330
TNS   : 0.000

Type  : Slow 1100mV 0C Model Minimum Pulse Width 'i_clk'
Slack : -3.166
TNS   : -241.847

Type  : Fast 1100mV 85C Model Setup 'i_clk'
Slack : -1.002
TNS   : -37.784

Type  : Fast 1100mV 85C Model Hold 'i_clk'
Slack : 0.172
TNS   : 0.000

Type  : Fast 1100mV 85C Model Minimum Pulse Width 'i_clk'
Slack : -2.636
TNS   : -112.848

Type  : Fast 1100mV 0C Model Setup 'i_clk'
Slack : -0.955
TNS   : -27.308

Type  : Fast 1100mV 0C Model Hold 'i_clk'
Slack : 0.159
TNS   : 0.000

Type  : Fast 1100mV 0C Model Minimum Pulse Width 'i_clk'
Slack : -2.636
TNS   : -112.949

------------------------------------------------------------
