------------------------------------------------------------
Timing Analyzer Summary
------------------------------------------------------------

Type  : Slow 1100mV 85C Model Setup 'i_clk'
Slack : -1.296
TNS   : -52.209

Type  : Slow 1100mV 85C Model Hold 'i_clk'
Slack : 0.222
TNS   : 0.000

Type  : Slow 1100mV 85C Model Minimum Pulse Width 'i_clk'
Slack : -0.394
TNS   : -32.095

Type  : Slow 1100mV 0C Model Setup 'i_clk'
Slack : -1.261
TNS   : -50.999

Type  : Slow 1100mV 0C Model Hold 'i_clk'
Slack : 0.205
TNS   : 0.000

Type  : Slow 1100mV 0C Model Minimum Pulse Width 'i_clk'
Slack : -0.394
TNS   : -33.686

Type  : Fast 1100mV 85C Model Setup 'i_clk'
Slack : -0.224
TNS   : -5.028

Type  : Fast 1100mV 85C Model Hold 'i_clk'
Slack : 0.136
TNS   : 0.000

Type  : Fast 1100mV 85C Model Minimum Pulse Width 'i_clk'
Slack : -0.092
TNS   : -5.452

Type  : Fast 1100mV 0C Model Setup 'i_clk'
Slack : -0.135
TNS   : -2.077

Type  : Fast 1100mV 0C Model Hold 'i_clk'
Slack : 0.123
TNS   : 0.000

Type  : Fast 1100mV 0C Model Minimum Pulse Width 'i_clk'
Slack : -0.089
TNS   : -5.363

------------------------------------------------------------
